******************************************************************************
       MSP430 Evaluation Linker PC v3.2.1                      
******************************************************************************
>> Linked Mon May 04 20:55:09 2015

OUTPUT FILE NAME:   <radio_example.out>
ENTRY POINT SYMBOL: "_c_int00"  address: 00008c3e


MEMORY CONFIGURATION

         name            origin    length      used     unused   attr    fill
----------------------  --------  ---------  --------  --------  ----  --------
  SFR                   00000000   00000010  00000000  00000010  RWIX
  PERIPHERALS_8BIT      00000010   000000f0  00000000  000000f0  RWIX
  PERIPHERALS_16BIT     00000100   00000100  00000000  00000100  RWIX
  RAM                   00000200   00000400  000000f6  0000030a  RWIX
  INFOD                 00001000   00000040  00000000  00000040  RWIX
  INFOC                 00001040   00000040  00000000  00000040  RWIX
  INFOB                 00001080   00000040  00000000  00000040  RWIX
  INFOA                 000010c0   00000040  00000000  00000040  RWIX
  FLASH                 00008000   00007fde  00000f4f  0000708f  RWIX
  INT00                 0000ffe0   00000002  00000000  00000002  RWIX
  INT01                 0000ffe2   00000002  00000000  00000002  RWIX
  INT02                 0000ffe4   00000002  00000000  00000002  RWIX
  INT03                 0000ffe6   00000002  00000002  00000000  RWIX
  INT04                 0000ffe8   00000002  00000000  00000002  RWIX
  INT05                 0000ffea   00000002  00000000  00000002  RWIX
  INT06                 0000ffec   00000002  00000000  00000002  RWIX
  INT07                 0000ffee   00000002  00000002  00000000  RWIX
  INT08                 0000fff0   00000002  00000000  00000002  RWIX
  INT09                 0000fff2   00000002  00000000  00000002  RWIX
  INT10                 0000fff4   00000002  00000000  00000002  RWIX
  INT11                 0000fff6   00000002  00000000  00000002  RWIX
  INT12                 0000fff8   00000002  00000000  00000002  RWIX
  INT13                 0000fffa   00000002  00000000  00000002  RWIX
  INT14                 0000fffc   00000002  00000000  00000002  RWIX
  RESET                 0000fffe   00000002  00000002  00000000  RWIX


SECTION ALLOCATION MAP

 output                                  attributes/
section   page    origin      length       input sections
--------  ----  ----------  ----------   ----------------
.pinit     0    00008000    00000000     UNINITIALIZED

.bss       0    00000200    000000a6     UNINITIALIZED
                  00000200    0000006b     app_main.obj (.bss)
                  0000026b    00000001     --HOLE--
                  0000026c    0000002e     mrfi.obj (.bss)
                  0000029a    00000004     cows_bulls_model.obj (.bss)
                  0000029e    00000004     rts430.lib : _lock.obj (.bss)
                  000002a2    00000004                : boot.obj (.bss)

.stack     0    000005b0    00000050     UNINITIALIZED
                  000005b0    00000002     rts430.lib : boot.obj (.stack)
                  000005b2    0000004e     --HOLE--

.text      0    00008000    00000e6c     
                  00008000    00000200     mrfi.obj (.text:MRFI_Init)
                  00008200    0000011e     mrfi.obj (.text:MRFI_Transmit)
                  0000831e    000000ea     mrfi.obj (.text:Mrfi_SyncPinRxIsr)
                  00008408    000000c4     app_main.obj (.text:main)
                  000084cc    000000ac     mrfi.obj (.text:spiBurstFifoAccess)
                  00008578    00000080     cows_bulls_model.obj (.text:evaluate_guess)
                  000085f8    00000070     mrfi.obj (.text:MRFI_RxAddrIsFiltered)
                  00008668    00000062     app_main.obj (.text:send_response_packet)
                  000086ca    0000005e     mrfi.obj (.text:spiRegAccess)
                  00008728    0000005c     mrfi.obj (.text:mrfiSpiCmdStrobe)
                  00008784    00000058     rts430.lib : div32u.obj (.text)
                  000087dc    00000054     mrfi.obj (.text:MRFI_WakeUp)
                  00008830    0000004e     rts430.lib : asr32.obj (.text)
                  0000887e    0000004c     mrfi.obj (.text:Mrfi_CalculateRssi)
                  000088ca    0000004c     rts430.lib : lsr16.obj (.text)
                  00008916    00000046                : autoinit.obj (.text:_auto_init)
                  0000895c    00000046     app_main.obj (.text:play_game)
                  000089a2    00000040     mrfi.obj (.text:Mrfi_DelayUsec)
                  000089e2    00000036     mrfi.obj (.text:MRFI_SetRFPwr)
                  00008a18    00000034     mrfi.obj (.text:MRFI_SetLogicalChannel)
                  00008a4c    00000034     mrfi.obj (.text:mrfiSpiInit)
                  00008a80    00000030     bsp.obj (.text:BSP_Init)
                  00008ab0    00000030     uart_utility.obj (.text:uart_puts)
                  00008ae0    0000002e     app_main.obj (.text:USCI0RX_ISR)
                  00008b0e    0000002c     mrfi.obj (.text:Mrfi_RandomBackoffDelay)
                  00008b3a    0000002c     mrfi.obj (.text:Mrfi_RxModeOff)
                  00008b66    0000002c     uart_utility.obj (.text:init_uart)
                  00008b92    0000002c     mrfi.obj (.text:mrfiSpiWriteReg)
                  00008bbe    0000002c     rts430.lib : div16s.obj (.text)
                  00008bea    0000002c     cows_bulls_model.obj (.text:set_code)
                  00008c16    00000028     bsp.obj (.text:BSP_Delay)
                  00008c3e    00000026     rts430.lib : boot.obj (.text:_c_int00_noexit)
                  00008c64    00000026     mrfi.obj (.text:mrfiSpiReadReg)
                  00008c8a    00000026     rts430.lib : mult32.obj (.text)
                  00008cb0    00000022     app_main.obj (.text:MRFI_RxCompleteISR)
                  00008cd2    00000022     app_main.obj (.text:process_guess)
                  00008cf4    0000001e     mrfi.obj (.text:mrfiSpiWriteTxFifo)
                  00008d12    0000001c     bsp.obj (.text:BSP_InitBoard)
                  00008d2e    0000001c     mrfi.obj (.text:MRFI_GpioIsr)
                  00008d4a    0000001c     mrfi.obj (.text:mrfiSpiReadRxFifo)
                  00008d66    0000001a     mrfi.obj (.text:BSP_GpioPort1Isr)
                  00008d80    00000016     mrfi.obj (.text:MRFI_RandomByte)
                  00008d96    00000016     mrfi.obj (.text:MRFI_Receive)
                  00008dac    00000016     mrfi.obj (.text:Mrfi_RxModeOn)
                  00008dc2    00000016     rts430.lib : div16u.obj (.text)
                  00008dd8    00000014                : memset.obj (.text:memset)
                  00008dec    00000014                : mult16.obj (.text)
                  00008e00    00000014     uart_utility.obj (.text:uart_putc)
                  00008e14    00000012     bsp.obj (.text:BSP_InitLeds)
                  00008e26    00000012     rts430.lib : memcpy.obj (.text:memcpy)
                  00008e38    00000010                : epilog.obj (.text)
                  00008e48    0000000a     bsp.obj (.text:BSP_InitButtons)
                  00008e52    0000000a     bsp.obj (.text:BSP_InitDrivers)
                  00008e5c    0000000a     bsp.obj (.text:_system_pre_init)
                  00008e66    00000004     rts430.lib : exit.obj (.text:abort)
                  00008e6a    00000002                : _lock.obj (.text:_nop)

.const     0    00008e6c    0000009d     
                  00008e6c    0000004c     app_main.obj (.const:.string)
                  00008eb8    0000003c     mrfi.obj (.const:mrfiRadioCfg)
                  00008ef4    0000000a     uart_utility.obj (.const:.string)
                  00008efe    00000004     mrfi.obj (.const:mrfiBroadcastAddr)
                  00008f02    00000004     mrfi.obj (.const:mrfiLogicalChanTable)
                  00008f06    00000003     mrfi.obj (.const:mrfiRFPowerTable)

.cinit     0    00008f0a    00000046     
                  00008f0a    0000002f     mrfi.obj (.cinit)
                  00008f39    00000001     --HOLE-- [fill = 0]
                  00008f3a    00000012     app_main.obj (.cinit)
                  00008f4c    00000004     --HOLE-- [fill = 0]

.int03     0    0000ffe6    00000002     
                  0000ffe6    00000002     mrfi.obj (.int03)

.int07     0    0000ffee    00000002     
                  0000ffee    00000002     app_main.obj (.int07)

.reset     0    0000fffe    00000002     
                  0000fffe    00000002     rts430.lib : boot.obj (.reset)


GLOBAL SYMBOLS: SORTED ALPHABETICALLY BY Name 

address    name
--------   ----
00000200   .bss
00008000   .text
0000004a   ADC10AE0
0000004b   ADC10AE1
000001b0   ADC10CTL0
000001b2   ADC10CTL1
00000048   ADC10DTC0
00000049   ADC10DTC1
000001b4   ADC10MEM
000001bc   ADC10SA
00000057   BCSCTL1
00000058   BCSCTL2
00000053   BCSCTL3
00008c16   BSP_Delay
00008d66   BSP_GpioPort1Isr
00008a80   BSP_Init
00008d12   BSP_InitBoard
00008e48   BSP_InitButtons
00008e52   BSP_InitDrivers
00008e14   BSP_InitLeds
00008e66   C$$EXIT
000010fb   CALBC1_12MHZ
000010f9   CALBC1_16MHZ
000010ff   CALBC1_1MHZ
000010fd   CALBC1_8MHZ
000010fa   CALDCO_12MHZ
000010f8   CALDCO_16MHZ
000010fe   CALDCO_1MHZ
000010fc   CALDCO_8MHZ
00000056   DCOCTL
00000128   FCTL1
0000012a   FCTL2
0000012c   FCTL3
00000000   IE1
00000001   IE2
00000002   IFG1
00000003   IFG2
000088ca   I_LSR
00008910   I_LSR_1
000088ec   I_LSR_10
000088e8   I_LSR_11
000088e4   I_LSR_12
000088e0   I_LSR_13
000088dc   I_LSR_14
000088d8   I_LSR_15
0000890c   I_LSR_2
00008908   I_LSR_3
00008904   I_LSR_4
00008900   I_LSR_5
000088fc   I_LSR_6
000088f8   I_LSR_7
000088f4   I_LSR_8
000088f0   I_LSR_9
00008830   L_ASR
00008878   L_ASR_1
00008854   L_ASR_10
00008850   L_ASR_11
0000884c   L_ASR_12
00008848   L_ASR_13
00008844   L_ASR_14
00008840   L_ASR_15
00008874   L_ASR_2
00008870   L_ASR_3
0000886c   L_ASR_4
00008868   L_ASR_5
00008864   L_ASR_6
00008860   L_ASR_7
0000885c   L_ASR_8
00008858   L_ASR_9
00008d2e   MRFI_GpioIsr
00008000   MRFI_Init
00008d80   MRFI_RandomByte
00008d96   MRFI_Receive
000085f8   MRFI_RxAddrIsFiltered
00008cb0   MRFI_RxCompleteISR
00008a18   MRFI_SetLogicalChannel
000089e2   MRFI_SetRFPwr
00008200   MRFI_Transmit
000087dc   MRFI_WakeUp
000000c0   OA0CTL0
000000c1   OA0CTL1
000000c2   OA1CTL0
000000c3   OA1CTL1
00000022   P1DIR
00000025   P1IE
00000024   P1IES
00000023   P1IFG
00000020   P1IN
00000021   P1OUT
00000027   P1REN
00000026   P1SEL
0000002a   P2DIR
0000002d   P2IE
0000002c   P2IES
0000002b   P2IFG
00000028   P2IN
00000029   P2OUT
0000002f   P2REN
0000002e   P2SEL
0000001a   P3DIR
00000018   P3IN
00000019   P3OUT
00000010   P3REN
0000001b   P3SEL
0000001e   P4DIR
0000001c   P4IN
0000001d   P4OUT
00000011   P4REN
0000001f   P4SEL
00000172   TACCR0
00000174   TACCR1
00000176   TACCR2
00000162   TACCTL0
00000164   TACCTL1
00000166   TACCTL2
00000160   TACTL
0000012e   TAIV
00000170   TAR
00000192   TBCCR0
00000194   TBCCR1
00000196   TBCCR2
00000182   TBCCTL0
00000184   TBCCTL1
00000186   TBCCTL2
00000180   TBCTL
0000011e   TBIV
00000190   TBR
0000005d   UCA0ABCTL
00000062   UCA0BR0
00000063   UCA0BR1
00000060   UCA0CTL0
00000061   UCA0CTL1
0000005f   UCA0IRRCTL
0000005e   UCA0IRTCTL
00000064   UCA0MCTL
00000066   UCA0RXBUF
00000065   UCA0STAT
00000067   UCA0TXBUF
0000006a   UCB0BR0
0000006b   UCB0BR1
00000068   UCB0CTL0
00000069   UCB0CTL1
0000006c   UCB0I2CIE
00000118   UCB0I2COA
0000011a   UCB0I2CSA
0000006e   UCB0RXBUF
0000006d   UCB0STAT
0000006f   UCB0TXBUF
00008ae0   USCI0RX_ISR
00000120   WDTCTL
00000600   __STACK_END
00000050   __STACK_SIZE
00000001   __TI_args_main
00000001   __TI_auto_init
00000001   __TI_exit
ffffffff   __binit__
00000200   __bss__
ffffffff   __c_args__
00008f0a   __cinit__
00008bbe   __divi
00008dc2   __divu
00008784   __divul
000002a6   __end__
00008e6c   __etext__
00008dec   __mpyi
00008c8a   __mpyl
ffffffff   __pinit__
00008bbe   __remi
00008dc2   __remu
00008784   __remul
00008000   __text__
00008916   _auto_init
00008c3e   _c_int00
00008c3e   _c_int00_noexit
000002a2   _cleanup_ptr
000002a4   _dtors_ptr
0000029e   _lock
00008e6a   _nop
0000fffe   _reset_vector
000005b0   _stack
00008e5c   _system_pre_init
000002a0   _unlock
00008e66   abort
ffffffff   binit
00000204   buffer_ready
00008f0a   cinit
00000206   current_index
000002a6   end
00008e6c   etext
00008578   evaluate_guess
00008e44   func_epilog_1
00008e42   func_epilog_2
00008e40   func_epilog_3
00008e3e   func_epilog_4
00008e3c   func_epilog_5
00008e3a   func_epilog_6
00008e38   func_epilog_7
0000020a   guess
0000020e   guess_packet
0000022d   guess_response_packet
0000024c   incoming_packet
00008b66   init_uart
00008408   main
00008e26   memcpy
00008dd8   memset
00008efe   mrfiBroadcastAddr
00008728   mrfiSpiCmdStrobe
00008a4c   mrfiSpiInit
00008c64   mrfiSpiReadReg
00008d4a   mrfiSpiReadRxFifo
00008b92   mrfiSpiWriteReg
00008cf4   mrfiSpiWriteTxFifo
0000029a   our_code
ffffffff   pinit
0000895c   play_game
00008cd2   process_guess
00000208   received_packet
00008668   send_response_packet
00008bea   set_code
00008e00   uart_putc
00008ab0   uart_puts


GLOBAL SYMBOLS: SORTED BY Symbol Address 

address    name
--------   ----
00000000   IE1
00000001   IE2
00000001   __TI_args_main
00000001   __TI_auto_init
00000001   __TI_exit
00000002   IFG1
00000003   IFG2
00000010   P3REN
00000011   P4REN
00000018   P3IN
00000019   P3OUT
0000001a   P3DIR
0000001b   P3SEL
0000001c   P4IN
0000001d   P4OUT
0000001e   P4DIR
0000001f   P4SEL
00000020   P1IN
00000021   P1OUT
00000022   P1DIR
00000023   P1IFG
00000024   P1IES
00000025   P1IE
00000026   P1SEL
00000027   P1REN
00000028   P2IN
00000029   P2OUT
0000002a   P2DIR
0000002b   P2IFG
0000002c   P2IES
0000002d   P2IE
0000002e   P2SEL
0000002f   P2REN
00000048   ADC10DTC0
00000049   ADC10DTC1
0000004a   ADC10AE0
0000004b   ADC10AE1
00000050   __STACK_SIZE
00000053   BCSCTL3
00000056   DCOCTL
00000057   BCSCTL1
00000058   BCSCTL2
0000005d   UCA0ABCTL
0000005e   UCA0IRTCTL
0000005f   UCA0IRRCTL
00000060   UCA0CTL0
00000061   UCA0CTL1
00000062   UCA0BR0
00000063   UCA0BR1
00000064   UCA0MCTL
00000065   UCA0STAT
00000066   UCA0RXBUF
00000067   UCA0TXBUF
00000068   UCB0CTL0
00000069   UCB0CTL1
0000006a   UCB0BR0
0000006b   UCB0BR1
0000006c   UCB0I2CIE
0000006d   UCB0STAT
0000006e   UCB0RXBUF
0000006f   UCB0TXBUF
000000c0   OA0CTL0
000000c1   OA0CTL1
000000c2   OA1CTL0
000000c3   OA1CTL1
00000118   UCB0I2COA
0000011a   UCB0I2CSA
0000011e   TBIV
00000120   WDTCTL
00000128   FCTL1
0000012a   FCTL2
0000012c   FCTL3
0000012e   TAIV
00000160   TACTL
00000162   TACCTL0
00000164   TACCTL1
00000166   TACCTL2
00000170   TAR
00000172   TACCR0
00000174   TACCR1
00000176   TACCR2
00000180   TBCTL
00000182   TBCCTL0
00000184   TBCCTL1
00000186   TBCCTL2
00000190   TBR
00000192   TBCCR0
00000194   TBCCR1
00000196   TBCCR2
000001b0   ADC10CTL0
000001b2   ADC10CTL1
000001b4   ADC10MEM
000001bc   ADC10SA
00000200   .bss
00000200   __bss__
00000204   buffer_ready
00000206   current_index
00000208   received_packet
0000020a   guess
0000020e   guess_packet
0000022d   guess_response_packet
0000024c   incoming_packet
0000029a   our_code
0000029e   _lock
000002a0   _unlock
000002a2   _cleanup_ptr
000002a4   _dtors_ptr
000002a6   __end__
000002a6   end
000005b0   _stack
00000600   __STACK_END
000010f8   CALDCO_16MHZ
000010f9   CALBC1_16MHZ
000010fa   CALDCO_12MHZ
000010fb   CALBC1_12MHZ
000010fc   CALDCO_8MHZ
000010fd   CALBC1_8MHZ
000010fe   CALDCO_1MHZ
000010ff   CALBC1_1MHZ
00008000   .text
00008000   MRFI_Init
00008000   __text__
00008200   MRFI_Transmit
00008408   main
00008578   evaluate_guess
000085f8   MRFI_RxAddrIsFiltered
00008668   send_response_packet
00008728   mrfiSpiCmdStrobe
00008784   __divul
00008784   __remul
000087dc   MRFI_WakeUp
00008830   L_ASR
00008840   L_ASR_15
00008844   L_ASR_14
00008848   L_ASR_13
0000884c   L_ASR_12
00008850   L_ASR_11
00008854   L_ASR_10
00008858   L_ASR_9
0000885c   L_ASR_8
00008860   L_ASR_7
00008864   L_ASR_6
00008868   L_ASR_5
0000886c   L_ASR_4
00008870   L_ASR_3
00008874   L_ASR_2
00008878   L_ASR_1
000088ca   I_LSR
000088d8   I_LSR_15
000088dc   I_LSR_14
000088e0   I_LSR_13
000088e4   I_LSR_12
000088e8   I_LSR_11
000088ec   I_LSR_10
000088f0   I_LSR_9
000088f4   I_LSR_8
000088f8   I_LSR_7
000088fc   I_LSR_6
00008900   I_LSR_5
00008904   I_LSR_4
00008908   I_LSR_3
0000890c   I_LSR_2
00008910   I_LSR_1
00008916   _auto_init
0000895c   play_game
000089e2   MRFI_SetRFPwr
00008a18   MRFI_SetLogicalChannel
00008a4c   mrfiSpiInit
00008a80   BSP_Init
00008ab0   uart_puts
00008ae0   USCI0RX_ISR
00008b66   init_uart
00008b92   mrfiSpiWriteReg
00008bbe   __divi
00008bbe   __remi
00008bea   set_code
00008c16   BSP_Delay
00008c3e   _c_int00
00008c3e   _c_int00_noexit
00008c64   mrfiSpiReadReg
00008c8a   __mpyl
00008cb0   MRFI_RxCompleteISR
00008cd2   process_guess
00008cf4   mrfiSpiWriteTxFifo
00008d12   BSP_InitBoard
00008d2e   MRFI_GpioIsr
00008d4a   mrfiSpiReadRxFifo
00008d66   BSP_GpioPort1Isr
00008d80   MRFI_RandomByte
00008d96   MRFI_Receive
00008dc2   __divu
00008dc2   __remu
00008dd8   memset
00008dec   __mpyi
00008e00   uart_putc
00008e14   BSP_InitLeds
00008e26   memcpy
00008e38   func_epilog_7
00008e3a   func_epilog_6
00008e3c   func_epilog_5
00008e3e   func_epilog_4
00008e40   func_epilog_3
00008e42   func_epilog_2
00008e44   func_epilog_1
00008e48   BSP_InitButtons
00008e52   BSP_InitDrivers
00008e5c   _system_pre_init
00008e66   C$$EXIT
00008e66   abort
00008e6a   _nop
00008e6c   __etext__
00008e6c   etext
00008efe   mrfiBroadcastAddr
00008f0a   __cinit__
00008f0a   cinit
0000fffe   _reset_vector
ffffffff   __binit__
ffffffff   __c_args__
ffffffff   __pinit__
ffffffff   binit
ffffffff   pinit

[221 symbols]
