******************************************************************************
       MSP430 Evaluation Linker PC v3.2.1                      
******************************************************************************
>> Linked Mon May 04 21:16:51 2015

OUTPUT FILE NAME:   <radio_example.out>
ENTRY POINT SYMBOL: "_c_int00"  address: 00008c5a


MEMORY CONFIGURATION

         name            origin    length      used     unused   attr    fill
----------------------  --------  ---------  --------  --------  ----  --------
  SFR                   00000000   00000010  00000000  00000010  RWIX
  PERIPHERALS_8BIT      00000010   000000f0  00000000  000000f0  RWIX
  PERIPHERALS_16BIT     00000100   00000100  00000000  00000100  RWIX
  RAM                   00000200   00000400  000000f2  0000030e  RWIX
  INFOD                 00001000   00000040  00000000  00000040  RWIX
  INFOC                 00001040   00000040  00000000  00000040  RWIX
  INFOB                 00001080   00000040  00000000  00000040  RWIX
  INFOA                 000010c0   00000040  00000000  00000040  RWIX
  FLASH                 00008000   00007fde  00000f8f  0000704f  RWIX
  INT00                 0000ffe0   00000002  00000000  00000002  RWIX
  INT01                 0000ffe2   00000002  00000000  00000002  RWIX
  INT02                 0000ffe4   00000002  00000000  00000002  RWIX
  INT03                 0000ffe6   00000002  00000002  00000000  RWIX
  INT04                 0000ffe8   00000002  00000000  00000002  RWIX
  INT05                 0000ffea   00000002  00000000  00000002  RWIX
  INT06                 0000ffec   00000002  00000000  00000002  RWIX
  INT07                 0000ffee   00000002  00000002  00000000  RWIX
  INT08                 0000fff0   00000002  00000000  00000002  RWIX
  INT09                 0000fff2   00000002  00000000  00000002  RWIX
  INT10                 0000fff4   00000002  00000000  00000002  RWIX
  INT11                 0000fff6   00000002  00000000  00000002  RWIX
  INT12                 0000fff8   00000002  00000000  00000002  RWIX
  INT13                 0000fffa   00000002  00000000  00000002  RWIX
  INT14                 0000fffc   00000002  00000000  00000002  RWIX
  RESET                 0000fffe   00000002  00000002  00000000  RWIX


SECTION ALLOCATION MAP

 output                                  attributes/
section   page    origin      length       input sections
--------  ----  ----------  ----------   ----------------
.pinit     0    00008000    00000000     UNINITIALIZED

.bss       0    00000200    000000a2     UNINITIALIZED
                  00000200    00000067     app_main.obj (.bss)
                  00000267    00000001     --HOLE--
                  00000268    0000002e     mrfi.obj (.bss)
                  00000296    00000004     cows_bulls_model.obj (.bss)
                  0000029a    00000004     rts430.lib : _lock.obj (.bss)
                  0000029e    00000004                : boot.obj (.bss)

.stack     0    000005b0    00000050     UNINITIALIZED
                  000005b0    00000002     rts430.lib : boot.obj (.stack)
                  000005b2    0000004e     --HOLE--

.text      0    00008000    00000e88     
                  00008000    00000200     mrfi.obj (.text:MRFI_Init)
                  00008200    0000011e     mrfi.obj (.text:MRFI_Transmit)
                  0000831e    000000ea     mrfi.obj (.text:Mrfi_SyncPinRxIsr)
                  00008408    000000d0     app_main.obj (.text:main)
                  000084d8    000000ac     mrfi.obj (.text:spiBurstFifoAccess)
                  00008584    00000080     cows_bulls_model.obj (.text:evaluate_guess)
                  00008604    00000070     mrfi.obj (.text:MRFI_RxAddrIsFiltered)
                  00008674    00000062     app_main.obj (.text:send_response_packet)
                  000086d6    0000005e     mrfi.obj (.text:spiRegAccess)
                  00008734    0000005c     mrfi.obj (.text:mrfiSpiCmdStrobe)
                  00008790    00000058     rts430.lib : div32u.obj (.text)
                  000087e8    00000056     app_main.obj (.text:play_game)
                  0000883e    00000054     mrfi.obj (.text:MRFI_WakeUp)
                  00008892    0000004e     rts430.lib : asr32.obj (.text)
                  000088e0    0000004c     mrfi.obj (.text:Mrfi_CalculateRssi)
                  0000892c    0000004c     rts430.lib : lsr16.obj (.text)
                  00008978    00000046                : autoinit.obj (.text:_auto_init)
                  000089be    00000040     mrfi.obj (.text:Mrfi_DelayUsec)
                  000089fe    00000036     mrfi.obj (.text:MRFI_SetRFPwr)
                  00008a34    00000034     mrfi.obj (.text:MRFI_SetLogicalChannel)
                  00008a68    00000034     mrfi.obj (.text:mrfiSpiInit)
                  00008a9c    00000030     bsp.obj (.text:BSP_Init)
                  00008acc    00000030     uart_utility.obj (.text:uart_puts)
                  00008afc    0000002e     app_main.obj (.text:USCI0RX_ISR)
                  00008b2a    0000002c     mrfi.obj (.text:Mrfi_RandomBackoffDelay)
                  00008b56    0000002c     mrfi.obj (.text:Mrfi_RxModeOff)
                  00008b82    0000002c     uart_utility.obj (.text:init_uart)
                  00008bae    0000002c     mrfi.obj (.text:mrfiSpiWriteReg)
                  00008bda    0000002c     rts430.lib : div16s.obj (.text)
                  00008c06    0000002c     cows_bulls_model.obj (.text:set_code)
                  00008c32    00000028     bsp.obj (.text:BSP_Delay)
                  00008c5a    00000026     rts430.lib : boot.obj (.text:_c_int00_noexit)
                  00008c80    00000026     mrfi.obj (.text:mrfiSpiReadReg)
                  00008ca6    00000026     rts430.lib : mult32.obj (.text)
                  00008ccc    00000022     app_main.obj (.text:MRFI_RxCompleteISR)
                  00008cee    00000022     app_main.obj (.text:process_guess)
                  00008d10    0000001e     mrfi.obj (.text:mrfiSpiWriteTxFifo)
                  00008d2e    0000001c     bsp.obj (.text:BSP_InitBoard)
                  00008d4a    0000001c     mrfi.obj (.text:MRFI_GpioIsr)
                  00008d66    0000001c     mrfi.obj (.text:mrfiSpiReadRxFifo)
                  00008d82    0000001a     mrfi.obj (.text:BSP_GpioPort1Isr)
                  00008d9c    00000016     mrfi.obj (.text:MRFI_RandomByte)
                  00008db2    00000016     mrfi.obj (.text:MRFI_Receive)
                  00008dc8    00000016     mrfi.obj (.text:Mrfi_RxModeOn)
                  00008dde    00000016     rts430.lib : div16u.obj (.text)
                  00008df4    00000014                : memset.obj (.text:memset)
                  00008e08    00000014                : mult16.obj (.text)
                  00008e1c    00000014     uart_utility.obj (.text:uart_putc)
                  00008e30    00000012     bsp.obj (.text:BSP_InitLeds)
                  00008e42    00000012     rts430.lib : memcpy.obj (.text:memcpy)
                  00008e54    00000010                : epilog.obj (.text)
                  00008e64    0000000a     bsp.obj (.text:BSP_InitButtons)
                  00008e6e    0000000a     bsp.obj (.text:BSP_InitDrivers)
                  00008e78    0000000a     bsp.obj (.text:_system_pre_init)
                  00008e82    00000004     rts430.lib : exit.obj (.text:abort)
                  00008e86    00000002                : _lock.obj (.text:_nop)

.const     0    00008e88    000000c1     
                  00008e88    00000070     app_main.obj (.const:.string)
                  00008ef8    0000003c     mrfi.obj (.const:mrfiRadioCfg)
                  00008f34    0000000a     uart_utility.obj (.const:.string)
                  00008f3e    00000004     mrfi.obj (.const:mrfiBroadcastAddr)
                  00008f42    00000004     mrfi.obj (.const:mrfiLogicalChanTable)
                  00008f46    00000003     mrfi.obj (.const:mrfiRFPowerTable)

.cinit     0    00008f4a    00000046     
                  00008f4a    0000002f     mrfi.obj (.cinit)
                  00008f79    00000001     --HOLE-- [fill = 0]
                  00008f7a    00000012     app_main.obj (.cinit)
                  00008f8c    00000004     --HOLE-- [fill = 0]

.int03     0    0000ffe6    00000002     
                  0000ffe6    00000002     mrfi.obj (.int03)

.int07     0    0000ffee    00000002     
                  0000ffee    00000002     app_main.obj (.int07)

.reset     0    0000fffe    00000002     
                  0000fffe    00000002     rts430.lib : boot.obj (.reset)


GLOBAL SYMBOLS: SORTED ALPHABETICALLY BY Name 

address    name
--------   ----
00000200   .bss
00008000   .text
0000004a   ADC10AE0
0000004b   ADC10AE1
000001b0   ADC10CTL0
000001b2   ADC10CTL1
00000048   ADC10DTC0
00000049   ADC10DTC1
000001b4   ADC10MEM
000001bc   ADC10SA
00000057   BCSCTL1
00000058   BCSCTL2
00000053   BCSCTL3
00008c32   BSP_Delay
00008d82   BSP_GpioPort1Isr
00008a9c   BSP_Init
00008d2e   BSP_InitBoard
00008e64   BSP_InitButtons
00008e6e   BSP_InitDrivers
00008e30   BSP_InitLeds
00008e82   C$$EXIT
000010fb   CALBC1_12MHZ
000010f9   CALBC1_16MHZ
000010ff   CALBC1_1MHZ
000010fd   CALBC1_8MHZ
000010fa   CALDCO_12MHZ
000010f8   CALDCO_16MHZ
000010fe   CALDCO_1MHZ
000010fc   CALDCO_8MHZ
00000056   DCOCTL
00000128   FCTL1
0000012a   FCTL2
0000012c   FCTL3
00000000   IE1
00000001   IE2
00000002   IFG1
00000003   IFG2
0000892c   I_LSR
00008972   I_LSR_1
0000894e   I_LSR_10
0000894a   I_LSR_11
00008946   I_LSR_12
00008942   I_LSR_13
0000893e   I_LSR_14
0000893a   I_LSR_15
0000896e   I_LSR_2
0000896a   I_LSR_3
00008966   I_LSR_4
00008962   I_LSR_5
0000895e   I_LSR_6
0000895a   I_LSR_7
00008956   I_LSR_8
00008952   I_LSR_9
00008892   L_ASR
000088da   L_ASR_1
000088b6   L_ASR_10
000088b2   L_ASR_11
000088ae   L_ASR_12
000088aa   L_ASR_13
000088a6   L_ASR_14
000088a2   L_ASR_15
000088d6   L_ASR_2
000088d2   L_ASR_3
000088ce   L_ASR_4
000088ca   L_ASR_5
000088c6   L_ASR_6
000088c2   L_ASR_7
000088be   L_ASR_8
000088ba   L_ASR_9
00008d4a   MRFI_GpioIsr
00008000   MRFI_Init
00008d9c   MRFI_RandomByte
00008db2   MRFI_Receive
00008604   MRFI_RxAddrIsFiltered
00008ccc   MRFI_RxCompleteISR
00008a34   MRFI_SetLogicalChannel
000089fe   MRFI_SetRFPwr
00008200   MRFI_Transmit
0000883e   MRFI_WakeUp
000000c0   OA0CTL0
000000c1   OA0CTL1
000000c2   OA1CTL0
000000c3   OA1CTL1
00000022   P1DIR
00000025   P1IE
00000024   P1IES
00000023   P1IFG
00000020   P1IN
00000021   P1OUT
00000027   P1REN
00000026   P1SEL
0000002a   P2DIR
0000002d   P2IE
0000002c   P2IES
0000002b   P2IFG
00000028   P2IN
00000029   P2OUT
0000002f   P2REN
0000002e   P2SEL
0000001a   P3DIR
00000018   P3IN
00000019   P3OUT
00000010   P3REN
0000001b   P3SEL
0000001e   P4DIR
0000001c   P4IN
0000001d   P4OUT
00000011   P4REN
0000001f   P4SEL
00000172   TACCR0
00000174   TACCR1
00000176   TACCR2
00000162   TACCTL0
00000164   TACCTL1
00000166   TACCTL2
00000160   TACTL
0000012e   TAIV
00000170   TAR
00000192   TBCCR0
00000194   TBCCR1
00000196   TBCCR2
00000182   TBCCTL0
00000184   TBCCTL1
00000186   TBCCTL2
00000180   TBCTL
0000011e   TBIV
00000190   TBR
0000005d   UCA0ABCTL
00000062   UCA0BR0
00000063   UCA0BR1
00000060   UCA0CTL0
00000061   UCA0CTL1
0000005f   UCA0IRRCTL
0000005e   UCA0IRTCTL
00000064   UCA0MCTL
00000066   UCA0RXBUF
00000065   UCA0STAT
00000067   UCA0TXBUF
0000006a   UCB0BR0
0000006b   UCB0BR1
00000068   UCB0CTL0
00000069   UCB0CTL1
0000006c   UCB0I2CIE
00000118   UCB0I2COA
0000011a   UCB0I2CSA
0000006e   UCB0RXBUF
0000006d   UCB0STAT
0000006f   UCB0TXBUF
00008afc   USCI0RX_ISR
00000120   WDTCTL
00000600   __STACK_END
00000050   __STACK_SIZE
00000001   __TI_args_main
00000001   __TI_auto_init
00000001   __TI_exit
ffffffff   __binit__
00000200   __bss__
ffffffff   __c_args__
00008f4a   __cinit__
00008bda   __divi
00008dde   __divu
00008790   __divul
000002a2   __end__
00008e88   __etext__
00008e08   __mpyi
00008ca6   __mpyl
ffffffff   __pinit__
00008bda   __remi
00008dde   __remu
00008790   __remul
00008000   __text__
00008978   _auto_init
00008c5a   _c_int00
00008c5a   _c_int00_noexit
0000029e   _cleanup_ptr
000002a0   _dtors_ptr
0000029a   _lock
00008e86   _nop
0000fffe   _reset_vector
000005b0   _stack
00008e78   _system_pre_init
0000029c   _unlock
00008e82   abort
ffffffff   binit
00000200   buffer_ready
00008f4a   cinit
00000202   current_index
000002a2   end
00008e88   etext
00008584   evaluate_guess
00008e60   func_epilog_1
00008e5e   func_epilog_2
00008e5c   func_epilog_3
00008e5a   func_epilog_4
00008e58   func_epilog_5
00008e56   func_epilog_6
00008e54   func_epilog_7
00000206   guess
0000020a   guess_packet
00000229   guess_response_packet
00000248   incoming_packet
00008b82   init_uart
00008408   main
00008e42   memcpy
00008df4   memset
00008f3e   mrfiBroadcastAddr
00008734   mrfiSpiCmdStrobe
00008a68   mrfiSpiInit
00008c80   mrfiSpiReadReg
00008d66   mrfiSpiReadRxFifo
00008bae   mrfiSpiWriteReg
00008d10   mrfiSpiWriteTxFifo
00000296   our_code
ffffffff   pinit
000087e8   play_game
00008cee   process_guess
00000204   received_packet
00008674   send_response_packet
00008c06   set_code
00008e1c   uart_putc
00008acc   uart_puts


GLOBAL SYMBOLS: SORTED BY Symbol Address 

address    name
--------   ----
00000000   IE1
00000001   IE2
00000001   __TI_args_main
00000001   __TI_auto_init
00000001   __TI_exit
00000002   IFG1
00000003   IFG2
00000010   P3REN
00000011   P4REN
00000018   P3IN
00000019   P3OUT
0000001a   P3DIR
0000001b   P3SEL
0000001c   P4IN
0000001d   P4OUT
0000001e   P4DIR
0000001f   P4SEL
00000020   P1IN
00000021   P1OUT
00000022   P1DIR
00000023   P1IFG
00000024   P1IES
00000025   P1IE
00000026   P1SEL
00000027   P1REN
00000028   P2IN
00000029   P2OUT
0000002a   P2DIR
0000002b   P2IFG
0000002c   P2IES
0000002d   P2IE
0000002e   P2SEL
0000002f   P2REN
00000048   ADC10DTC0
00000049   ADC10DTC1
0000004a   ADC10AE0
0000004b   ADC10AE1
00000050   __STACK_SIZE
00000053   BCSCTL3
00000056   DCOCTL
00000057   BCSCTL1
00000058   BCSCTL2
0000005d   UCA0ABCTL
0000005e   UCA0IRTCTL
0000005f   UCA0IRRCTL
00000060   UCA0CTL0
00000061   UCA0CTL1
00000062   UCA0BR0
00000063   UCA0BR1
00000064   UCA0MCTL
00000065   UCA0STAT
00000066   UCA0RXBUF
00000067   UCA0TXBUF
00000068   UCB0CTL0
00000069   UCB0CTL1
0000006a   UCB0BR0
0000006b   UCB0BR1
0000006c   UCB0I2CIE
0000006d   UCB0STAT
0000006e   UCB0RXBUF
0000006f   UCB0TXBUF
000000c0   OA0CTL0
000000c1   OA0CTL1
000000c2   OA1CTL0
000000c3   OA1CTL1
00000118   UCB0I2COA
0000011a   UCB0I2CSA
0000011e   TBIV
00000120   WDTCTL
00000128   FCTL1
0000012a   FCTL2
0000012c   FCTL3
0000012e   TAIV
00000160   TACTL
00000162   TACCTL0
00000164   TACCTL1
00000166   TACCTL2
00000170   TAR
00000172   TACCR0
00000174   TACCR1
00000176   TACCR2
00000180   TBCTL
00000182   TBCCTL0
00000184   TBCCTL1
00000186   TBCCTL2
00000190   TBR
00000192   TBCCR0
00000194   TBCCR1
00000196   TBCCR2
000001b0   ADC10CTL0
000001b2   ADC10CTL1
000001b4   ADC10MEM
000001bc   ADC10SA
00000200   .bss
00000200   __bss__
00000200   buffer_ready
00000202   current_index
00000204   received_packet
00000206   guess
0000020a   guess_packet
00000229   guess_response_packet
00000248   incoming_packet
00000296   our_code
0000029a   _lock
0000029c   _unlock
0000029e   _cleanup_ptr
000002a0   _dtors_ptr
000002a2   __end__
000002a2   end
000005b0   _stack
00000600   __STACK_END
000010f8   CALDCO_16MHZ
000010f9   CALBC1_16MHZ
000010fa   CALDCO_12MHZ
000010fb   CALBC1_12MHZ
000010fc   CALDCO_8MHZ
000010fd   CALBC1_8MHZ
000010fe   CALDCO_1MHZ
000010ff   CALBC1_1MHZ
00008000   .text
00008000   MRFI_Init
00008000   __text__
00008200   MRFI_Transmit
00008408   main
00008584   evaluate_guess
00008604   MRFI_RxAddrIsFiltered
00008674   send_response_packet
00008734   mrfiSpiCmdStrobe
00008790   __divul
00008790   __remul
000087e8   play_game
0000883e   MRFI_WakeUp
00008892   L_ASR
000088a2   L_ASR_15
000088a6   L_ASR_14
000088aa   L_ASR_13
000088ae   L_ASR_12
000088b2   L_ASR_11
000088b6   L_ASR_10
000088ba   L_ASR_9
000088be   L_ASR_8
000088c2   L_ASR_7
000088c6   L_ASR_6
000088ca   L_ASR_5
000088ce   L_ASR_4
000088d2   L_ASR_3
000088d6   L_ASR_2
000088da   L_ASR_1
0000892c   I_LSR
0000893a   I_LSR_15
0000893e   I_LSR_14
00008942   I_LSR_13
00008946   I_LSR_12
0000894a   I_LSR_11
0000894e   I_LSR_10
00008952   I_LSR_9
00008956   I_LSR_8
0000895a   I_LSR_7
0000895e   I_LSR_6
00008962   I_LSR_5
00008966   I_LSR_4
0000896a   I_LSR_3
0000896e   I_LSR_2
00008972   I_LSR_1
00008978   _auto_init
000089fe   MRFI_SetRFPwr
00008a34   MRFI_SetLogicalChannel
00008a68   mrfiSpiInit
00008a9c   BSP_Init
00008acc   uart_puts
00008afc   USCI0RX_ISR
00008b82   init_uart
00008bae   mrfiSpiWriteReg
00008bda   __divi
00008bda   __remi
00008c06   set_code
00008c32   BSP_Delay
00008c5a   _c_int00
00008c5a   _c_int00_noexit
00008c80   mrfiSpiReadReg
00008ca6   __mpyl
00008ccc   MRFI_RxCompleteISR
00008cee   process_guess
00008d10   mrfiSpiWriteTxFifo
00008d2e   BSP_InitBoard
00008d4a   MRFI_GpioIsr
00008d66   mrfiSpiReadRxFifo
00008d82   BSP_GpioPort1Isr
00008d9c   MRFI_RandomByte
00008db2   MRFI_Receive
00008dde   __divu
00008dde   __remu
00008df4   memset
00008e08   __mpyi
00008e1c   uart_putc
00008e30   BSP_InitLeds
00008e42   memcpy
00008e54   func_epilog_7
00008e56   func_epilog_6
00008e58   func_epilog_5
00008e5a   func_epilog_4
00008e5c   func_epilog_3
00008e5e   func_epilog_2
00008e60   func_epilog_1
00008e64   BSP_InitButtons
00008e6e   BSP_InitDrivers
00008e78   _system_pre_init
00008e82   C$$EXIT
00008e82   abort
00008e86   _nop
00008e88   __etext__
00008e88   etext
00008f3e   mrfiBroadcastAddr
00008f4a   __cinit__
00008f4a   cinit
0000fffe   _reset_vector
ffffffff   __binit__
ffffffff   __c_args__
ffffffff   __pinit__
ffffffff   binit
ffffffff   pinit

[221 symbols]
